// Jest Snapshot v1, https://goo.gl/fbAQLP

exports[`defaults 1`] = `
Array [
  ".dockerignore",
  ".eslintignore",
  ".eslintrc.json",
  ".gitignore",
  "Dockerfile",
  "README.MD",
  "__tests__/index.spec.ts",
  "jest.config.ts",
  "package.json",
  "public/icons/github-icon.svg",
  "public/icons/linkedin-icon.svg",
  "public/icons/pankod-icon.svg",
  "public/icons/react-icon.svg",
  "public/icons/twitter-icon.svg",
  "public/icons/youtube-icon.svg",
  "src/App.tsx",
  "src/components/css/button/index.css",
  "src/components/css/button/index.spec.tsx",
  "src/components/css/button/index.stories.tsx",
  "src/components/css/button/index.tsx",
  "src/components/css/card/index.css",
  "src/components/css/card/index.spec.tsx",
  "src/components/css/card/index.stories.tsx",
  "src/components/css/card/index.tsx",
  "src/components/css/cards/index.css",
  "src/components/css/cards/index.spec.tsx",
  "src/components/css/cards/index.tsx",
  "src/components/css/footer/index.css",
  "src/components/css/footer/index.spec.tsx",
  "src/components/css/footer/index.tsx",
  "src/components/css/header/index.css",
  "src/components/css/header/index.spec.tsx",
  "src/components/css/header/index.tsx",
  "src/components/css/index.ts",
  "src/components/css/logo/index.spec.tsx",
  "src/components/css/logo/index.tsx",
  "src/components/css/main/index.css",
  "src/components/css/main/index.spec.tsx",
  "src/components/css/main/index.tsx",
  "src/index.html",
  "src/index.tsx",
  "src/meta.json",
  "src/pages/index.tsx",
  "src/styles/global.css",
  "tsconfig.json",
  "webpack.common.js",
  "webpack.dev.js",
  "webpack.prod.js",
]
`;
