// Jest Snapshot v1, https://goo.gl/fbAQLP

exports[`defaults 1`] = `
Array [
  ".release-it.json",
  "package.json",
]
`;
